["foo", 0, 0] -> foo, -1, 0
["foo", 0, 1] -> foo, -1, 0
["foo", 0, 2] -> foo, -1, 0
["Aged Brie", 0, 0] -> Aged Brie, -1, 2
["Aged Brie", 0, 1] -> Aged Brie, -1, 3
["Aged Brie", 0, 2] -> Aged Brie, -1, 4
["Backstage passes to a TAFKAL80ETC concert", 0, 0] -> Backstage passes to a TAFKAL80ETC concert, -1, 0
["Backstage passes to a TAFKAL80ETC concert", 0, 1] -> Backstage passes to a TAFKAL80ETC concert, -1, 0
["Backstage passes to a TAFKAL80ETC concert", 0, 2] -> Backstage passes to a TAFKAL80ETC concert, -1, 0
